18:54:34 **** Incremental Build of configuration Debug for project STM32ProjectForLab5 ****
make -j8 all 
arm-none-eabi-gcc -o "STM32ProjectForLab5.elf" @"objects.list"   -mcpu=cortex-m3 -T"D:\Embedded_Programming\STM\STM32\Microprocessors_Microcontrollers_Lab\Microprocessors_Microcontrollers_Lab_5\STM32CubeIDE\STM32ProjectForLab5\STM32F103C6UX_FLASH.ld" --specs=nosys.specs -Wl,-Map="STM32ProjectForLab5.map" -Wl,--gc-sections -static --specs=nano.specs -mfloat-abi=soft -mthumb -Wl,--start-group -lc -lm -Wl,--end-group
Finished building target: STM32ProjectForLab5.elf
 
arm-none-eabi-size   STM32ProjectForLab5.elf 
arm-none-eabi-objdump -h -S  STM32ProjectForLab5.elf  > "STM32ProjectForLab5.list"
arm-none-eabi-objcopy  -O ihex  STM32ProjectForLab5.elf  "STM32ProjectForLab5.hex"
   text	   data	    bss	    dec	    hex	filename
   6912	     20	   1644	   8576	   2180	STM32ProjectForLab5.elf
Finished building: default.size.stdout
 
Finished building: STM32ProjectForLab5.list
 
Finished building: STM32ProjectForLab5.hex
 
